 pook  1 Changes | 2 Branch | 3 Graph | 4 Session | 5 Prompts 3 | 6 oob         
editing
title: Review a file 
Review {{file}} for bugs, focusing on {{concern}}.                            
                                                                              
                                                                              
                                                                              
                                                                              
                                                                              
                                                                              
                                                                              
                                                                              
                                                                              
                                                                              
                                                                              
                                                                              
                                                                              
                                                                              
                                                                              
                                                                              
tab switches field · ctrl-s saves · esc cancels


 watching for changes                                           ? help · q quit 