 pook  1 Changes  2 Branch  3 Session  4 oob  5 Prompts                         
                                                                                
                                                                                
                                                                                
                                                                                
                                                                                
                                                                                
                                                                                
                                                                                
                                                                                
                                                                                
                          uncommitted changes, phase 4                          
                                                                                
                                                                                
                                                                                
                                                                                
                                                                                
                                                                                
                                                                                
                                                                                
                                                                                
                                                                                
                                                                                
 ! package.json touched  last change 42s ago · internal/ui/app.go               