 pook  1 Changes | 2 Branch | 3 Session | 4 Prompts 3 | 5 oob                   
editing
title: Review a file 
Review {{file}} for bugs, focusing on {{concern}}.                            
                                                                              
                                                                              
                                                                              
                                                                              
                                                                              
                                                                              
                                                                              
                                                                              
                                                                              
                                                                              
                                                                              
                                                                              
                                                                              
                                                                              
                                                                              
                                                                              
tab switches field · ctrl-s saves · esc cancels


 watching for changes                                           ? help · q quit 