 pook  1 Changes  2 Branch  3 Session  4 oob  5 Prompts                         
0/0 files · +0 -0 · filter all · sort latest
                                                                                
                                                                                
                                                                                
                                                                                
                                                                                
                                                                                
                                                                                
                                                                                
                                                                                
                                                                                
                            no changes against HEAD                             
                                                                                
                                                                                
                                                                                
                                                                                
                                                                                
                                                                                
                                                                                
                                                                                
                                                                                
                                                                                
 ! watched: package.json +1 more  last change 42s ago · internal/ui/app.go      