 pook  1 Changes | 2 Branch | 3 Graph | 4 Session | 5 Prompts | 6 oob           
6/6 · assistant · 0s ago · Porting pook  live 
[─────────────────────────────────────────────────────────────────────────────●]
  Done.                                                                       


















H prev user  L next user
 watching for changes                                           ? help · q quit 