 pook  1 Changes 5 | 2 Branch | 3 Session | 4 Prompts | 5 oob                   
5/5 files · +18 -44 · filter all · sort latest
>  ▸ chg package.json ! +2 -1
   ▸ chg internal/ui/app.go +12 -3
   ▸ new README.md +4 -0
   ▸ del old/gone.go +0 -40
   ▸ new media/logo.png binary















discard package.json? y / n
 watching for changes                                           ? help · q quit 