 pook  1 Changes | 2 Branch | 3 Graph | 4 Session | 5 Prompts | 6 oob           
stacked · 5 commits · subject
> * aaaaaaaaa (HEAD -> stacked) stacked one
  * bbbbbbbbb (feature) merge feature
  |\  
  | * ccccccccc feature one
  * | ddddddddd (main) main two
  |/  
  * eeeeeeeee main one














 watching for changes                                           ? help · q quit 