 pook  1 Changes | 2 Branch | 3 Graph | 4 Session | 5 Prompts | 6 oob           
                                                                                
                                                                                
                                                                                
                                                                                
                                                                                
                                                                                
                                                                                
                                                                                
  ╭──────────────────────────────────────────────────────────────────────────╮  
  │ Activity  esc closes                                                     │  
  │                                                                          │  
  │ nothing has happened yet                                                 │  
  ╰──────────────────────────────────────────────────────────────────────────╯  
                                                                                
                                                                                
                                                                                
                                                                                
                                                                                
                                                                                
                                                                                
                                                                                
                                                                                
 watching for changes                                           ? help · q quit 