 pook  1 Changes | 2 Branch | 3 Graph | 4 Session | 5 Prompts 3 | 6 oob         
3/3 prompts
> ▸ Review a file 2 placeholders
  ▸ Explain 
  ▸ Write a test 1 placeholder

















/ search · enter copy · e edit · n new · zR/zM expand all
 watching for changes                                           ? help · q quit 