 pook  1 Changes  2 Branch  3 Session  4 oob  5 Prompts                         
                                                                                
                                                                                
                                                                                
                                                                                
                                                                                
                                                                                
                                                                                
                                                                                
                                                                                
                                                                                
                          uncommitted changes, phase 4                          
                                                                                
                                                                                
                                                                                
                                                                                
                                                                                
                                                                                
                                                                                
                                                                                
                                                                                
                                                                                
 ! no activity for 5m, agent done or stuck?  (esc dismisses)                    
 watching for changes                                           ? help · q quit 