 pook  1 Changes  2 Branch  3 Session  4 oob  5 Prompts                         
                                                                                
                                                                                
                                                                                
                                                                                
                                                                                
                                                                                
                                                                                
                                                                                
                                                                                
                                                                                
                          uncommitted changes, phase 4                          
                                                                                
                                                                                
                                                                                
                                                                                
                                                                                
                                                                                
                                                                                
                                                                                
                                                                                
                                                                                
                                                                                
 watching for changes                                           ? help · q quit 