 pook  1 Changes  2 Branch  3 Session  4 Prompts  5 oob                         
3 files in /tmp/pook-oob-test-home
>  branch: feature/port 1 file
    notes.md 23 chars
   repo: pook-cli 2 files
    todo.md 10 chars
    sub/deep.txt binary
   global 0 files















 watching for changes                                           ? help · q quit 