 pook  1 Changes | 2 Branch | 3 Graph | 4 Session | 5 Prompts | 6 oob           
                                                                                
                                                                                
                                                                                
                                                                                
                                                                                
                                                                                
                                                                                
  ╭──────────────────────────────────────────────────────────────────────────╮  
  │ Activity  esc closes                                                     │  
  │                                                                          │  
  │ 3s ago     deleted old.go (+0 -40)                                       │  
  │ 30s ago    modified package.json (+2 -1)                                 │  
  │ 1m ago     created internal/ui/app.go (+210 -0)                          │  
  │ 5m ago     commit a1b2c3d "port the git backend"                         │  
  ╰──────────────────────────────────────────────────────────────────────────╯  
                                                                                
                                                                                
                                                                                
                                                                                
                                                                                
                                                                                
                                                                                
 watching for changes                                           ? help · q quit 