 pook  1 Changes | 2 Branch | 3 Session | 4 Prompts | 5 oob                     
4/6 · tool · 6m ago · Porting pook
[──────────────────────────────────────────────●───────────────────────────────]
Write
internal/ui/branch.go

















H prev user  L next user
 watching for changes                                           ? help · q quit 