 pook  1 Changes  2 Branch  3 Se
                                
                                
                                
                                
  uncommitted changes, phase 4  
                                
                                
                                
                                
                                
 last change 5s ago · internal/u