 pook  1 Changes | 2 Branch | 3 Graph | 4 Session | 5 Prompts | 6 oob           
0 commits · subject
                                                                                
                                                                                
                                                                                
                                                                                
                                                                                
                                                                                
                                                                                
                                                                                
                                                                                
                                                                                
                                 no commits yet                                 
                                                                                
                                                                                
                                                                                
                                                                                
                                                                                
                                                                                
                                                                                
                                                                                
                                                                                
                                                                                
 watching for changes                                           ? help · q quit 