 pook  1 Changes  2 Branch  3 Session  4 oob  5 Prompts                         
                                                                                
                                                                                
                                                                                
                                                                                
                                                                                
                                                                                
                                                                                
                                                                                
  ╭──────────────────────────────────────────────────────────────────────────╮  
  │ Clipboard  esc closes                                                    │  
  │                                                                          │  
  │ editable clipboard arrives in phase 7                                    │  
  ╰──────────────────────────────────────────────────────────────────────────╯  
                                                                                
                                                                                
                                                                                
                                                                                
                                                                                
                                                                                
                                                                                
                                                                                
                                                                                
 watching for changes                                           ? help · q quit 