 pook  1 Changes  2 Branch  3 Session  4 Prompts  5 oob                         
0/0 files · +0 -0 · filter all · sort latest
                                                                                
                                                                                
                                                                                
                                                                                
                                                                                
                                                                                
                                                                                
                                                                                
                                                                                
                            no changes against HEAD                             
                                                                                
                                                                                
                                                                                
                                                                                
                                                                                
                                                                                
                                                                                
                                                                                
                                                                                
                                                                                
 ! no activity for 5m, agent done or stuck?  (esc dismisses)                    
 watching for changes                                           ? help · q quit 