 pook  1 Changes  2 Branch  3 Session  4 Prompts  5 oob                         
  ╭──────────────────────────────────────────────────────────────────────────╮  
  │ Clipboard  ctrl-s saves · esc closes · tab cycles 2 markers              │  
  │                                                                          │  
  │ Work on [STORY] and open [FILE PATH].                                    │  
  │                                                                          │  
  │                                                                          │  
  │                                                                          │  
  │                                                                          │  
  │                                                                          │  
  │                                                                          │  
  │                                                                          │  
  │                                                                          │  
  │                                                                          │  
  │                                                                          │  
  │                                                                          │  
  │                                                                          │  
  │                                                                          │  
  │                                                                          │  
  │                                                                          │  
  │                                                                          │  
  │ typing replaces the selected marker                                      │  
  ╰──────────────────────────────────────────────────────────────────────────╯  
 watching for changes                                           ? help · q quit 