 pook  1 Changes  2 Branch  3 Session  4 Prompts  5 oob                         
  ╭──────────────────────────────────────────────────────────────────────────╮  
  │ Clipboard  ctrl-s saves · esc closes                                     │  
  │                                                                          │  
  │ some clipboard text                                                      │  
  │ over two lines                                                           │  
  │                                                                          │  
  │                                                                          │  
  │                                                                          │  
  │                                                                          │  
  │                                                                          │  
  │                                                                          │  
  │                                                                          │  
  │                                                                          │  
  │                                                                          │  
  │                                                                          │  
  │                                                                          │  
  │                                                                          │  
  │                                                                          │  
  │                                                                          │  
  │                                                                          │  
  ╰──────────────────────────────────────────────────────────────────────────╯  
                                                                                
 watching for changes                                           ? help · q quit 