 pook  1 Changes | 2 Branch | 3 Graph | 4 Session | 5 Prompts | 6 oob           
feature/port · 2 ahead of main · 13 files · +690 -42
>  ▸ aaaa111 phase 4 Changes tab +210 -12 in 4
   ▸ bbbb222 phase 3 watchers +480 -30 in 9



















 watching for changes                                           ? help · q quit 