 pook  1 Changes | 2 Branch | 3 Session | 4 Prompts | 5 oob                     
                                                                                
                                                                                
                                                                                
                                                                                
                                                                                
                                                                                
                                                                                
                                                                                
  ╭──────────────────────────────────────────────────────────────────────────╮  
  │ Activity  esc closes                                                     │  
  │                                                                          │  
  │ nothing has happened yet                                                 │  
  ╰──────────────────────────────────────────────────────────────────────────╯  
                                                                                
                                                                                
                                                                                
                                                                                
                                                                                
                                                                                
                                                                                
                                                                                
                                                                                
 watching for changes                                           ? help · q quit 